function TestComponent({ x }) {
  return <Button>{x}</Button>;
}
