function anonymous_1() {
  "use no memo";
  return <Button>{x}</Button>;
}
function anonymous_3({ x }) {
  "use no memo";
  return <Button>{x}</Button>;
}
